// Jest Snapshot v1, https://goo.gl/fbAQLP

exports[`reporting:locales/en.json 1`] = `
"{
    a: 0,
    b: 1,
    c: 2,
    d: 3,
    e: 4,
    f: 5,
    g: 6,
    h: 7,
    i: 8,
    j: 9,
    more: {
        a: a,
        b: b,
        c: c,
        d: d,
        e: e,
        f: f,
        g: g,
        h: h,
        i: i,
        j: j,
        k: k,
        l: l,
        m: m,
        n: n,
        o: o,
        p: p,
        q: q
    }
}"
`;

exports[`reporting:locales/es.json 1`] = `
"{
    a: 0,
    b: 1,
    c: 2,
    d: 3,
    e: 4,
    f: 5,
    g: 6,
    h: 7,
    i: 8,
    j: 9,
    more: {
        a: a,
        b: b,
        c: c,
        d: d,
        e: e,
        f: f,
        g: g,
        h: h,
        i: i,
        j: j,
        k: k,
        l: l,
        m: m,
        n: n,
        o: o,
        p: p,
        q: q
    }
}"
`;

exports[`reporting:locales/pt-BR.json 1`] = `
"{
    a: 0,
    b: 1,
    c: 2,
    d: 3,
    e: 4,
    f: 5,
    g: 6,
    h: 7,
    i: 8,
    j: 9,
    more: {
        a: a,
        b: b,
        c: c,
        d: d,
        e: e,
        f: f,
        g: g,
        h: h,
        i: i,
        j: j,
        k: k,
        l: l,
        m: m,
        n: n,
        o: o,
        p: p,
        q: q
    }
}"
`;

exports[`reporting:locales/zh-CN.json 1`] = `
"{
    a: 0,
    b: 1,
    c: 2,
    d: 3,
    e: 4,
    f: 5,
    g: 6,
    h: 7,
    i: 8,
    j: 9,
    more: {
        a: a,
        b: b,
        c: c,
        d: d,
        e: e,
        f: f,
        g: g,
        h: h,
        i: i,
        j: j,
        k: k,
        l: l,
        m: m,
        n: n,
        o: o,
        p: p,
        q: q
    }
}"
`;

exports[`reporting:stderr.txt 1`] = `""`;

exports[`reporting:stdout.txt 1`] = `
"Pushed keys to actual/locales/es.json: a, b, c, d, e, f, g, h, i, j, k, l, m, n, o, p, q
Removed keys from actual/locales/es.json: insert_top, after_1, after_4, after_8, a, b, c, after_c, d, e, f, g, h, i, after_i, j, k, l, m, n, o, p, q
Pushed keys to actual/locales/pt-BR.json: a, a, b, c, d, e, f, g, h, i, j, k, l, m, n, o, p, q
Removed keys from actual/locales/pt-BR.json: b, c, d, f, g, h, i, j, k, l, m, n, o, p, q
"
`;
